═══ ◐ foo.go ───────────────────────────────────────────────────────────────────
                                       │ +    1 added line                     
-    1 removed line                    │                                       






 foo.go                                                                     50% 