    ◐ ~ foo.go +1 -1                                                            
  ════ ◐ ~ foo.go ──────────────────────────────────────────────────────────────
➤                                      │ ➤    1 ░ added line                  ░
-    1 ░ removed line                ░ │                                       
  ════ ●   1 file changed, 1 insertion(+), 1 deletion(-)




 line 2/4 33%                                                                   