═══ ◐ foo.go ═══════════════════════════════════════════════════════════════════
   1 package main                      │    1 package main                     
   2 old line                          │    2 new line                         
   3 func main() {}                    │    3 func main() {}                   





 foo.go                                                                     END 