═══ ◐ ~ foo.go ─────────────────────────────────────────────────────────────────
     1   package main                  │      1   package main                 
-    2 ░ old line                    ░ │ +    2 ░ new line                    ░
     3   func main() {}                │      3   func main() {}               
═══ ●   1 file changed, 1 insertion(+), 1 deletion(-)




 line 2/5 25%   ◐ ~ foo.go +1 -1                                                