  ● #1 ~ foo.go +1 -1                                              1 file +1 -1


▔▔▔▔▔▔▔▔▔▔▔▔▔▔▔▔▔▔▔▔▔▔▔▔▔▔▔▔▔▔▔▔▔▔▔▔▔▔▔▔▔▔▔▔▔▔▔▔▔▔▔▔▔▔▔▔▔▔▔▔▔▔▔▔▔▔▔▔▔▔▔▔▔▔▔▔▔▔▔▔

▶├━━━━● foo.go +1 -1 ┏━━━━━━━━━━━━━━━━━━━━━━━━━━━━━━━━━━━━━━━━━━━━━━━━━━━━━━━━━●
 │    ┗━━━━━━━━━━━━━━┛
 │      1   package main               ┃      1   package main                  
 │ ~    2 ░ new line                 ░ ┃ ~    2 ░ old line                     ░
 line 1/6 0%                                                                    