~ foo.go +2 -2 1/1 files +2 -2                                             ¶ 0 0


▔▔▔▔▔▔▔▔▔▔▔▔▔▔▔▔▔▔▔▔▔▔▔▔▔▔▔▔▔▔▔▔▔▔▔▔▔▔▔▔▔▔▔▔▔▔▔▔▔▔▔▔▔▔▔▔▔▔▔▔▔▔▔▔▔▔▔▔▔▔▔▔▔▔▔▔▔▔▔▔

▌┌━━● foo.go +2 -2 ━━━━┓
 │                     ┗━━━━━━━━━━━━━━━━━━━━━━━━━━━━━━━━━━━━━━━━━━━━━━━━━━━━━━━●
 │      1   context line               ┃      1   context line                  
 │ +    2 ░ added line               ░ ┃ -    2 ░ removed line                 ░
 line 1/7 0%                                                                    