  ● #1 ~ foo.go +2 -2                                              1 file +2 -2


▔▔▔▔▔▔▔▔▔▔▔▔▔▔▔▔▔▔▔▔▔▔▔▔▔▔▔▔▔▔▔▔▔▔▔▔▔▔▔▔▔▔▔▔▔▔▔▔▔▔▔▔▔▔▔▔▔▔▔▔▔▔▔▔▔▔▔▔▔▔▔▔▔▔▔▔▔▔▔▔

▌├━━━━● foo.go +2 -2 ┏━━━━━━━━━━━━━━━━━━━━━━━━━━━━━━━━━━━━━━━━━━━━━━━━━━━━━━━━━●
 │    ┗━━━━━━━━━━━━━━┛
 │      1   context line               ┃      1   context line                  
 │ +    2 ░ added line               ░ ┃ -    2 ░ removed line                 ░
 line 1/7 0%                                                                    