▶   ◐ #1 ~ foo.go +2 -2                                            1 file +2 -2
▔▔▔▔▔▔▔▔▔▔▔▔▔▔▔▔▔▔▔▔▔▔▔▔▔▔▔▔▔▔▔▔▔▔▔▔▔▔▔▔▔▔▔▔▔▔▔▔▔▔▔▔▔▔▔▔▔▔▔▔▔▔▔▔▔▔▔▔▔▔▔▔▔▔▔▔▔▔▔▔
─────────────────────────┐
▶    ◐ #1 ~ foo.go +2 -2 │▒▒▒▒▒▒▒▒▒▒▒▒▒▒▒▒▒▒▒▒▒▒▒▒▒▒▒▒▒▒▒▒▒▒▒▒▒▒▒▒▒▒▒▒▒▒▒▒▒▒▒▒▒▒▒
─────────────────────────┘
     1   context line                  ┃      1   context line                  
+    2 ░ added line                  ░ ┃ -    2 ░ removed line                 ░
+    3 ░ pure add                    ░ ┃                                        
                                       ┃ -    3 ░ pure remove                  ░
 line 1/6 0%                                                                    