◐ ~ foo.go +1 -1                                                                
═══ ◐ ~ foo.go ─────────────────────────────────────────────────────────────────
     1                                 │      1                                
-    2 ░ a much longer line that wil ░ │ +    2 ░ a much longer line that wil ░
     3   89abcdefghij                  │      3   89abcdefghij                 
═══ ●   1 file changed, 1 insertion(+), 1 deletion(-)



 line 2/5 25%                                                                   