═══ foo.go ═════════════════════════════════════════════════════════════════════
   1                                   │    1                                  
   2 a much longer line that will be t │    2 a much longer line that will be t
   3 89abcdefghij                      │    3 89abcdefghij                     





 foo.go                                                                     END 