▶   ◐ #1 + empty.txt                                                     1 file
▔▔▔▔▔▔▔▔▔▔▔▔▔▔▔▔▔▔▔▔▔▔▔▔▔▔▔▔▔▔▔▔▔▔▔▔▔▔▔▔▔▔▔▔▔▔▔▔▔▔▔▔▔▔▔▔▔▔▔▔▔▔▔▔▔▔▔▔▔▔▔▔▔▔▔▔▔▔▔▔

▶└━━━ ◐ #1 + empty.txt
      ┗━━━━━━━━━━━━━━━














 line 1/2 0%                                                                    