═══ ◐ + b/new_file.go ──────────────────────────────────────────────────────────
                                       │ +    1 package main                   
                                       │ +    2                                
                                       │ +    3 func hello() {                 
                                       │ +    4     println("hello")           
                                       │ +    5 }                              
═══ ●   1 file changed, 5 insertions(+)












 new_file.go                                                                50% 