  ◐ #1 ~ example.go +5 -2                                          1 file +5 -2


▔▔▔▔▔▔▔▔▔▔▔▔▔▔▔▔▔▔▔▔▔▔▔▔▔▔▔▔▔▔▔▔▔▔▔▔▔▔▔▔▔▔▔▔▔▔▔▔▔▔▔▔▔▔▔▔▔▔▔▔▔▔▔▔▔▔▔▔▔▔▔▔▔▔▔▔▔▔▔▔

▶├━━━━◐ example.go +5 -2 ┏━━…
 │    ┗━━━━━━━━━━━━━━━━━━┛
 ┴ 











 line 1/3 0%                                                                    