▶   ◐ #1 ~ main.go +2 -1                                           1 file +2 -1
▔▔▔▔▔▔▔▔▔▔▔▔▔▔▔▔▔▔▔▔▔▔▔▔▔▔▔▔▔▔▔▔▔▔▔▔▔▔▔▔▔▔▔▔▔▔▔▔▔▔▔▔▔▔▔▔▔▔▔▔▔▔▔▔▔▔▔▔▔▔▔▔▔▔▔▔▔▔▔▔
     ◐ #1 ~ main.go +2 -1 │▒▒▒▒▒▒▒▒▒▒▒▒▒▒▒▒▒▒▒▒▒▒▒▒▒▒▒▒▒▒▒▒▒▒▒▒▒▒▒▒▒▒▒▒▒▒▒▒▒▒▒▒▒▒
──────────────────────────┘
     1   package main                  ┃      1   package main                  
▶    2                                 ┃ ▶    2                                 
~    3 ░     fmt.Println("new")      ░ ┃ ~    3 ░     fmt.Println("old")       ░
+    4 ░     fmt.Println("added")    ░ ┃                                        
     5   }                             ┃      4   }                             










 line 4/7 50%                                                                   