  ◐ #1 + empty.txt                                                 2 files +1 -


▔▔▔▔▔▔▔▔▔▔▔▔▔▔▔▔▔▔▔▔▔▔▔▔▔▔▔▔▔▔▔▔▔▔▔▔▔▔▔▔▔▔▔▔▔▔▔▔▔▔▔▔▔▔▔▔▔▔▔▔▔▔▔▔▔▔▔▔▔▔▔▔▔▔▔▔▔▔▔▔

▶├━━◐ empty.txt ━━━━┓
 │                  ┗━◐
 │ 
 │ 
 ├━━◐ content.txt +1 ━━━━┓
 │                       ┗━◐
 ┴ 











 line 1/7 0%                                                                    