▶ [1/1] ◐ + empty.txt                                                           
▔▔▔▔▔▔▔▔▔▔▔▔▔▔▔▔▔▔▔▔▔▔▔▔▔▔▔▔▔▔▔▔▔▔▔▔▔▔▔▔▔▔▔▔▔▔▔▔▔▔▔▔▔▔▔▔▔▔▔▔▔▔▔▔▔▔▔▔▔▔▔▔▔▔▔▔▔▔▔▔
─────────────────────┐
  #1   ◐ + empty.txt │▒▒▒▒▒▒▒▒▒▒▒▒▒▒▒▒▒▒▒▒▒▒▒▒▒▒▒▒▒▒▒▒▒▒▒▒▒▒▒▒▒▒▒▒▒▒▒▒▒▒▒▒▒▒▒▒▒▒▒
─────────────────────┘
▶░░░░░░░░░░░░░░░░░░░░░░░░░░░░░░░░░░░░░░░░▶░░░░░░░░░░░░░░░░░░░░░░░░░░░░░░░░░░░░░░



─────────────────────┐
  ━━━━ ●   1 file changed








 line 4/9 37%                                                                   