▶ ◐ ~ main.go +2 -1                                                  [1/1] +2 -1
▔▔▔▔▔▔▔▔▔▔▔▔▔▔▔▔▔▔▔▔▔▔▔▔▔▔▔▔▔▔▔▔▔▔▔▔▔▔▔▔▔▔▔▔▔▔▔▔▔▔▔▔▔▔▔▔▔▔▔▔▔▔▔▔▔▔▔▔▔▔▔▔▔▔▔▔▔▔▔▔
  ━━━━ ◐ ~ main.go | +2 -1 ++-                                                

     1   package main                  ┬      1   package main                 
▶    2                                 │ ▶    2                                
~    3 ░     fmt.Println("old")      ░ │ ~    3 ░     fmt.Println("new")      ░
                                       │ +    4 ░     fmt.Println("added")    ░
     4   }                             ┴      5   }                            
░░░░░░░░░░░░░░░░░░░░░░░░░░░░░░░░░░░░░░░░░░░░░░░░░░░░░░░░░░░░░░░░░░░░░░░░░░░░░░░░
░░░░░░░░░░░░░░░░░░░░░░░░░░░░░░░░░░░░░░░░░░░░░░░░░░░░░░░░░░░░░░░░░░░░░░░░░░░░░░░░
░░░░░░░░░░░░░░░░░░░░░░░░░░░░░░░░░░░░░░░░░░░░░░░░░░░░░░░░░░░░░░░░░░░░░░░░░░░░░░░░
░░░░░░░░░░░░░░░░░░░░░░░░░░░░░░░░░░░░░░░░░░░░░░░░░░░░░░░░░░░░░░░░░░░░░░░░░░░░░░░░
  ━━━━ ●   1 file changed, 2 insertions(+), 1 deletion(-)





 line 4/12 27%                                                                  