▶   ◐ #1 + empty.txt                                               2 files +1 -
▔▔▔▔▔▔▔▔▔▔▔▔▔▔▔▔▔▔▔▔▔▔▔▔▔▔▔▔▔▔▔▔▔▔▔▔▔▔▔▔▔▔▔▔▔▔▔▔▔▔▔▔▔▔▔▔▔▔▔▔▔▔▔▔▔▔▔▔▔▔▔▔▔▔▔▔▔▔▔▔

▶├━━━━◐ empty.txt ┏━━━━━━━━━━━━━━━━━━━━━━━━━━━━━━━━━━━━━━━━━━━━━━━━━━━━━━━━━━━━━
 │    ┗━━━━━━━━━━━┛
 │ 
 │ 
 └━━━━◐ content.txt +1 ┏━━━━━━━━━━━━━━━━━━━━━━━━━━━━━━━━━━━━━━━━━━━━━━━━━━━━━━━━
      ┗━━━━━━━━━━━━━━━━┛
   +    1 ░ hello                                                  ░ ┃          
 │ 












 line 1/8 0%                                                                    