  ◐ #1 ~ internal/tui/view.go +1                                                        1 file +1 -


▔▔▔▔▔▔▔▔▔▔▔▔▔▔▔▔▔▔▔▔▔▔▔▔▔▔▔▔▔▔▔▔▔▔▔▔▔▔▔▔▔▔▔▔▔▔▔▔▔▔▔▔▔▔▔▔▔▔▔▔▔▔▔▔▔▔▔▔▔▔▔▔▔▔▔▔▔▔▔▔▔▔▔▔▔▔▔▔▔▔▔▔▔▔▔▔▔▔▔▔

▶├━━━━◐ internal/tui/view.go +1 ┏━━…
 │    ┗━━━━━━━━━━━━━━━━━━━━━━━━━┛
 ┴ 











 line 1/3 0%                                                                                        