#1 + new_file.go +5                                                  1 file +5 -


▔▔▔▔▔▔▔▔▔▔▔▔▔▔▔▔▔▔▔▔▔▔▔▔▔▔▔▔▔▔▔▔▔▔▔▔▔▔▔▔▔▔▔▔▔▔▔▔▔▔▔▔▔▔▔▔▔▔▔▔▔▔▔▔▔▔▔▔▔▔▔▔▔▔▔▔▔▔▔▔

▌├━━◐ new_file.go +5 ━━━━┓
 │                       ┗━◐
 ┴ 











 line 1/3 0%                                                                    