▶ [1/1] ◐ ~ large.go +1 -1                                                                     +1 -1
▔▔▔▔▔▔▔▔▔▔▔▔▔▔▔▔▔▔▔▔▔▔▔▔▔▔▔▔▔▔▔▔▔▔▔▔▔▔▔▔▔▔▔▔▔▔▔▔▔▔▔▔▔▔▔▔▔▔▔▔▔▔▔▔▔▔▔▔▔▔▔▔▔▔▔▔▔▔▔▔▔▔▔▔▔▔▔▔▔▔▔▔▔▔▔▔▔▔▔▔
───────────────────────────┐
▶ #1    ◐ ~ large.go +1 -1 │▒▒▒▒▒▒▒▒▒▒▒▒▒▒▒▒▒▒▒▒▒▒▒▒▒▒▒▒▒▒▒▒▒▒▒▒▒▒▒▒▒▒▒▒▒▒▒▒▒▒▒▒▒▒▒▒▒▒▒▒▒▒▒▒▒▒▒▒▒▒▒▒▒
───────────────────────────┘
   9999   line 9999                              ╏    9999   line 9999                             
~ 10000 ░ line 10000                           ░ ╏ ~ 10000 ░ line 10000 modified                  ░
  10001   line 10001                             ╏   10001   line 10001                            

 line 2/12 9%                                                                                       