abc123d Add feature X                                                                   1 file +34 -


▔▔▔▔▔▔▔▔▔▔▔▔▔▔▔▔▔▔▔▔▔▔▔▔▔▔▔▔▔▔▔▔▔▔▔▔▔▔▔▔▔▔▔▔▔▔▔▔▔▔▔▔▔▔▔▔▔▔▔▔▔▔▔▔▔▔▔▔▔▔▔▔▔▔▔▔▔▔▔▔▔▔▔▔▔▔▔▔▔▔▔▔▔▔▔▔▔▔▔▔

▌● abc123d +34   - 1 2y Alice Add feature X ═══════════════════════════════════════════════════════●
 │
 ├━━◯ Monday, Jan 15th 10:00 -05:00 (2 years ago)
 ├━━○ f3.go +34
 ╵ 

 ● def789a  +5 -23 1 2y Bob Fix bug Y ═════════════════════════════════════════════════════════════●
 │
 ├━━◯ Tuesday, Jan 16th 14:00 -05:00 (2 years ago)
 ├━━○ baz.go +5 -23
 ╵ 



 line 1/11 0%                                                                                       