▶ ◐ abc123d Add feature X                                                            3 files +134 -0
▔▔▔▔▔▔▔▔▔▔▔▔▔▔▔▔▔▔▔▔▔▔▔▔▔▔▔▔▔▔▔▔▔▔▔▔▔▔▔▔▔▔▔▔▔▔▔▔▔▔▔▔▔▔▔▔▔▔▔▔▔▔▔▔▔▔▔▔▔▔▔▔▔▔▔▔▔▔▔▔▔▔▔▔▔▔▔▔▔▔▔▔▔▔▔▔▔▔▔▔

▶◐ abc123d 3 +134  -0 2y Alice Add feature X
 ╞══════════════════════════════════════════
 │
 ├━━━ ◯ details
 ├━━━ ○ #1 ~ f1.go  +50    
 ├━━━ ○ #2 ~ f2.go  +50    
 └━━━ ○ #3 ~ f3.go  +34    

 ◐ def789a 1   +5 -23 2y Bob Fix bug Y    
 ╞═══════════════════════════════════
 │
 ├━━━ ◯ details
 └━━━ ○ #1 ~ baz.go +5  -23



 line 1/13 0%                                                                                       