═══ ◐ one.go ───────────────────────────────────────────────────────────────────
   1 file one                          │    1 file one                         

═══ ◐ two.go ───────────────────────────────────────────────────────────────────
   1 file two                          │    1 file two                         




 one.go [1/2]                                                               25% 