    10 line content                    │     10 line content                   
    11 line content                    │     11 line content                   
    12 line content                    │     12 line content                   
    13 line content                    │     13 line content                   
 test.go                                                                    50% 