◐ ~ test.go                                                                     
    10   line content                  │     10   line content                 
    11   line content                  │     11   line content                 
    12   line content                  │     12   line content                 
 line 11/22 47%                                                                 