▶ [1/1] ◐ ~ test.go                                                             
▔▔▔▔▔▔▔▔▔▔▔▔▔▔▔▔▔▔▔▔▔▔▔▔▔▔▔▔▔▔▔▔▔▔▔▔▔▔▔▔▔▔▔▔▔▔▔▔▔▔▔▔▔▔▔▔▔▔▔▔▔▔▔▔▔▔▔▔▔▔▔▔▔▔▔▔▔▔▔▔
▶    8   line content                  ┃ ▶    8   line content                  
     9   line content                  ┃      9   line content                  
 line 11/29 35%                                                                 