 #1 ~ example.go +2 -2                                                                  1 file +2 -2


▔▔▔▔▔▔▔▔▔▔▔▔▔▔▔▔▔▔▔▔▔▔▔▔▔▔▔▔▔▔▔▔▔▔▔▔▔▔▔▔▔▔▔▔▔▔▔▔▔▔▔▔▔▔▔▔▔▔▔▔▔▔▔▔▔▔▔▔▔▔▔▔▔▔▔▔▔▔▔▔▔▔▔▔▔▔▔▔▔▔▔▔▔▔▔▔▔▔▔▔

▌├━━━━● example.go +2 -2 ┏━━━━━━━━━━━━━━━━━━━━━━━━━━━━━━━━━━━━━━━━━━━━━━━━━━━━━━━━━━━━━━━━━━━━━━━━━●
 │    ┗━━━━━━━━━━━━━━━━━━┛
 │      1   package main                         ┃      1   package main                            
 │      2                                        ┃      2                                           
 │ ~    3 ░ func Hello() {                     ░ ┃ ~    3 ░ func Hello() {                         ░
 │ ~    4 ░     println("hello")               ░ ┃ ~    4 ░     println("hi")                      ░
 │      5   }                                    ┃      5   }                                       
 ┴ 






 line 1/8 0%                                                                                        